// Jest Snapshot v1, https://goo.gl/fbAQLP

exports[`EvaluateManual.vue renders correctly 1`] = `
<repository-view-base-stub repository="<Repository #1>" quicktest="true">
  <div>
    <div>
      <b-notification-stub active="true" type="is-info" duration="2000" animation="fade">
        some specific text
      </b-notification-stub>
      <login-form-stub hideforgotpassword="true"></login-form-stub>
    </div>
  </div>
  <!---->
</repository-view-base-stub>
`;
