// Jest Snapshot v1, https://goo.gl/fbAQLP

exports[`LanguageAppendSelectInput.vue renders correctly 1`] = `
<b-dropdown-stub scrollable="true" maxheight="175" position="is-bottom-left" triggers="click" mobilemodal="true" animation="fade" trapfocus="true" closeonclick="true" canclose="true" class="language-append-select-input"><span class="clickable language-append-select-input__language-select"><b-icon-stub icon="earth" size="is-small" class="language-icon language-icon__menu__no-val"></b-icon-stub> <b-icon-stub icon="menu-down" size="is-small" class="clickable align language-icon language-icon__menu"></b-icon-stub></span>
  <b-dropdown-item-stub focusable="true" ariarole=""><span>English</span></b-dropdown-item-stub>
  <b-dropdown-item-stub focusable="true" ariarole=""><span>German</span></b-dropdown-item-stub>
  <b-dropdown-item-stub focusable="true" ariarole=""><span>Spanish</span></b-dropdown-item-stub>
  <b-dropdown-item-stub focusable="true" ariarole=""><span>Portuguese</span></b-dropdown-item-stub>
  <b-dropdown-item-stub focusable="true" ariarole=""><span>French</span></b-dropdown-item-stub>
  <b-dropdown-item-stub focusable="true" ariarole=""><span>Italian</span></b-dropdown-item-stub>
  <b-dropdown-item-stub focusable="true" ariarole=""><span>Dutch</span></b-dropdown-item-stub>
  <b-dropdown-item-stub focusable="true" ariarole=""><span>Brazilian Portuguese</span></b-dropdown-item-stub>
  <b-dropdown-item-stub focusable="true" ariarole=""><span>Indonesian</span></b-dropdown-item-stub>
  <b-dropdown-item-stub focusable="true" ariarole=""><span>Mongolian</span></b-dropdown-item-stub>
  <b-dropdown-item-stub focusable="true" ariarole=""><span>Arabic</span></b-dropdown-item-stub>
  <b-dropdown-item-stub focusable="true" ariarole=""><span>Bengali</span></b-dropdown-item-stub>
  <b-dropdown-item-stub focusable="true" ariarole=""><span>Hindi</span></b-dropdown-item-stub>
  <b-dropdown-item-stub focusable="true" ariarole=""><span>Russian</span></b-dropdown-item-stub>
  <b-dropdown-item-stub focusable="true" ariarole=""><span>Thai</span></b-dropdown-item-stub>
  <b-dropdown-item-stub focusable="true" ariarole=""><span>Vietnamese</span></b-dropdown-item-stub>
  <b-dropdown-item-stub focusable="true" ariarole=""><span>Khmer</span></b-dropdown-item-stub>
  <b-dropdown-item-stub focusable="true" ariarole=""><span>Swahili</span></b-dropdown-item-stub>
  <b-dropdown-item-stub focusable="true" ariarole=""><span>Catalan</span></b-dropdown-item-stub>
  <b-dropdown-item-stub focusable="true" ariarole=""><span>Danish</span></b-dropdown-item-stub>
  <b-dropdown-item-stub focusable="true" ariarole=""><span>Greek</span></b-dropdown-item-stub>
  <b-dropdown-item-stub focusable="true" ariarole=""><span>Persian</span></b-dropdown-item-stub>
  <b-dropdown-item-stub focusable="true" ariarole=""><span>Finnish</span></b-dropdown-item-stub>
  <b-dropdown-item-stub focusable="true" ariarole=""><span>Irish</span></b-dropdown-item-stub>
  <b-dropdown-item-stub focusable="true" ariarole=""><span>Hebrew</span></b-dropdown-item-stub>
  <b-dropdown-item-stub focusable="true" ariarole=""><span>Croatian</span></b-dropdown-item-stub>
  <b-dropdown-item-stub focusable="true" ariarole=""><span>Hungarian</span></b-dropdown-item-stub>
  <b-dropdown-item-stub focusable="true" ariarole=""><span>Japanese</span></b-dropdown-item-stub>
  <b-dropdown-item-stub focusable="true" ariarole=""><span>Norwegian Bokm√•l</span></b-dropdown-item-stub>
  <b-dropdown-item-stub focusable="true" ariarole=""><span>Polish</span></b-dropdown-item-stub>
  <b-dropdown-item-stub focusable="true" ariarole=""><span>Romanian</span></b-dropdown-item-stub>
  <b-dropdown-item-stub focusable="true" ariarole=""><span>Sinhala</span></b-dropdown-item-stub>
  <b-dropdown-item-stub focusable="true" ariarole=""><span>Swedish</span></b-dropdown-item-stub>
  <b-dropdown-item-stub focusable="true" ariarole=""><span>Telugu</span></b-dropdown-item-stub>
  <b-dropdown-item-stub focusable="true" ariarole=""><span>Turkish</span></b-dropdown-item-stub>
  <b-dropdown-item-stub focusable="true" ariarole=""><span>Tatar</span></b-dropdown-item-stub>
  <b-dropdown-item-stub focusable="true" ariarole=""><span>Urdu</span></b-dropdown-item-stub>
  <b-dropdown-item-stub focusable="true" ariarole=""><span>Chinese</span></b-dropdown-item-stub>
  <b-dropdown-item-stub focusable="true" ariarole=""><span>Hausa</span></b-dropdown-item-stub>
  <b-dropdown-item-stub focusable="true" ariarole=""><span>Georgian</span></b-dropdown-item-stub>
  <b-dropdown-item-stub focusable="true" ariarole=""><span>Kazakh</span></b-dropdown-item-stub>
  <b-dropdown-item-stub focusable="true" ariarole=""><span>Albanian</span></b-dropdown-item-stub>
  <b-dropdown-item-stub focusable="true" ariarole=""><span>Armenian</span></b-dropdown-item-stub>
  <b-dropdown-item-stub focusable="true" ariarole=""><span>Azerbaijani</span></b-dropdown-item-stub>
  <b-dropdown-item-stub focusable="true" ariarole=""><span>Belarusian</span></b-dropdown-item-stub>
  <b-dropdown-item-stub focusable="true" ariarole=""><span>Bosnian</span></b-dropdown-item-stub>
  <b-dropdown-item-stub focusable="true" ariarole=""><span>Bulgarian</span></b-dropdown-item-stub>
  <b-dropdown-item-stub focusable="true" ariarole=""><span>Czech</span></b-dropdown-item-stub>
  <b-dropdown-item-stub focusable="true" ariarole=""><span>Kyrgyz</span></b-dropdown-item-stub>
  <b-dropdown-item-stub focusable="true" ariarole=""><span>Macedonian</span></b-dropdown-item-stub>
  <b-dropdown-item-stub focusable="true" ariarole=""><span>Serbian</span></b-dropdown-item-stub>
  <b-dropdown-item-stub focusable="true" ariarole=""><span>Ukrainian</span></b-dropdown-item-stub>
  <b-dropdown-item-stub focusable="true" ariarole=""><span>Uzbek</span></b-dropdown-item-stub>
  <b-dropdown-item-stub focusable="true" ariarole=""><span>Abkhazian</span></b-dropdown-item-stub>
  <b-dropdown-item-stub focusable="true" ariarole=""><span>Afar</span></b-dropdown-item-stub>
  <b-dropdown-item-stub focusable="true" ariarole=""><span>Afrikaans</span></b-dropdown-item-stub>
  <b-dropdown-item-stub focusable="true" ariarole=""><span>Akan</span></b-dropdown-item-stub>
  <b-dropdown-item-stub focusable="true" ariarole=""><span>Amharic</span></b-dropdown-item-stub>
  <b-dropdown-item-stub focusable="true" ariarole=""><span>Aragonese</span></b-dropdown-item-stub>
  <b-dropdown-item-stub focusable="true" ariarole=""><span>Assamese</span></b-dropdown-item-stub>
  <b-dropdown-item-stub focusable="true" ariarole=""><span>Avaric</span></b-dropdown-item-stub>
  <b-dropdown-item-stub focusable="true" ariarole=""><span>Avestan</span></b-dropdown-item-stub>
  <b-dropdown-item-stub focusable="true" ariarole=""><span>Aymara</span></b-dropdown-item-stub>
  <b-dropdown-item-stub focusable="true" ariarole=""><span>Bambara</span></b-dropdown-item-stub>
  <b-dropdown-item-stub focusable="true" ariarole=""><span>Bashkir</span></b-dropdown-item-stub>
  <b-dropdown-item-stub focusable="true" ariarole=""><span>Basque</span></b-dropdown-item-stub>
  <b-dropdown-item-stub focusable="true" ariarole=""><span>Bihari languages</span></b-dropdown-item-stub>
  <b-dropdown-item-stub focusable="true" ariarole=""><span>Bislama</span></b-dropdown-item-stub>
  <b-dropdown-item-stub focusable="true" ariarole=""><span>Breton</span></b-dropdown-item-stub>
  <b-dropdown-item-stub focusable="true" ariarole=""><span>Burmese</span></b-dropdown-item-stub>
  <b-dropdown-item-stub focusable="true" ariarole=""><span>Chamorro</span></b-dropdown-item-stub>
  <b-dropdown-item-stub focusable="true" ariarole=""><span>Chechen</span></b-dropdown-item-stub>
  <b-dropdown-item-stub focusable="true" ariarole=""><span>Chichewa</span></b-dropdown-item-stub>
  <b-dropdown-item-stub focusable="true" ariarole=""><span>Cornish</span></b-dropdown-item-stub>
  <b-dropdown-item-stub focusable="true" ariarole=""><span>Chuvash</span></b-dropdown-item-stub>
  <b-dropdown-item-stub focusable="true" ariarole=""><span>Corsican</span></b-dropdown-item-stub>
  <b-dropdown-item-stub focusable="true" ariarole=""><span>Cree</span></b-dropdown-item-stub>
  <b-dropdown-item-stub focusable="true" ariarole=""><span>Divehi</span></b-dropdown-item-stub>
  <b-dropdown-item-stub focusable="true" ariarole=""><span>Dzongkha</span></b-dropdown-item-stub>
  <b-dropdown-item-stub focusable="true" ariarole=""><span>Esperanto</span></b-dropdown-item-stub>
  <b-dropdown-item-stub focusable="true" ariarole=""><span>Estonian</span></b-dropdown-item-stub>
  <b-dropdown-item-stub focusable="true" ariarole=""><span>Ewe</span></b-dropdown-item-stub>
  <b-dropdown-item-stub focusable="true" ariarole=""><span>Faroese</span></b-dropdown-item-stub>
  <b-dropdown-item-stub focusable="true" ariarole=""><span>Fijian</span></b-dropdown-item-stub>
  <b-dropdown-item-stub focusable="true" ariarole=""><span>Fulah</span></b-dropdown-item-stub>
  <b-dropdown-item-stub focusable="true" ariarole=""><span>Galician</span></b-dropdown-item-stub>
  <b-dropdown-item-stub focusable="true" ariarole=""><span>Gujarati</span></b-dropdown-item-stub>
  <b-dropdown-item-stub focusable="true" ariarole=""><span>Haitian</span></b-dropdown-item-stub>
  <b-dropdown-item-stub focusable="true" ariarole=""><span>Herero</span></b-dropdown-item-stub>
  <b-dropdown-item-stub focusable="true" ariarole=""><span>Hiri Motu</span></b-dropdown-item-stub>
  <b-dropdown-item-stub focusable="true" ariarole=""><span>Interlingua</span></b-dropdown-item-stub>
  <b-dropdown-item-stub focusable="true" ariarole=""><span>Interlingue</span></b-dropdown-item-stub>
  <b-dropdown-item-stub focusable="true" ariarole=""><span>Igbo</span></b-dropdown-item-stub>
  <b-dropdown-item-stub focusable="true" ariarole=""><span>Inupiaq</span></b-dropdown-item-stub>
  <b-dropdown-item-stub focusable="true" ariarole=""><span>Ido</span></b-dropdown-item-stub>
  <b-dropdown-item-stub focusable="true" ariarole=""><span>Icelandic</span></b-dropdown-item-stub>
  <b-dropdown-item-stub focusable="true" ariarole=""><span>Inuktitut</span></b-dropdown-item-stub>
  <b-dropdown-item-stub focusable="true" ariarole=""><span>Javanese</span></b-dropdown-item-stub>
  <b-dropdown-item-stub focusable="true" ariarole=""><span>Kalaallisut</span></b-dropdown-item-stub>
  <b-dropdown-item-stub focusable="true" ariarole=""><span>Kannada</span></b-dropdown-item-stub>
  <b-dropdown-item-stub focusable="true" ariarole=""><span>Kanuri</span></b-dropdown-item-stub>
  <b-dropdown-item-stub focusable="true" ariarole=""><span>Kashmiri</span></b-dropdown-item-stub>
  <b-dropdown-item-stub focusable="true" ariarole=""><span>Central Khmer</span></b-dropdown-item-stub>
  <b-dropdown-item-stub focusable="true" ariarole=""><span>Kikuyu</span></b-dropdown-item-stub>
  <b-dropdown-item-stub focusable="true" ariarole=""><span>Kinyarwanda</span></b-dropdown-item-stub>
  <b-dropdown-item-stub focusable="true" ariarole=""><span>Komi</span></b-dropdown-item-stub>
  <b-dropdown-item-stub focusable="true" ariarole=""><span>Kongo</span></b-dropdown-item-stub>
  <b-dropdown-item-stub focusable="true" ariarole=""><span>Korean</span></b-dropdown-item-stub>
  <b-dropdown-item-stub focusable="true" ariarole=""><span>Kurdish</span></b-dropdown-item-stub>
  <b-dropdown-item-stub focusable="true" ariarole=""><span>Kuanyama</span></b-dropdown-item-stub>
  <b-dropdown-item-stub focusable="true" ariarole=""><span>Latin</span></b-dropdown-item-stub>
  <b-dropdown-item-stub focusable="true" ariarole=""><span>Luxembourgish</span></b-dropdown-item-stub>
  <b-dropdown-item-stub focusable="true" ariarole=""><span>Ganda</span></b-dropdown-item-stub>
  <b-dropdown-item-stub focusable="true" ariarole=""><span>Limburgan</span></b-dropdown-item-stub>
  <b-dropdown-item-stub focusable="true" ariarole=""><span>Lingala</span></b-dropdown-item-stub>
  <b-dropdown-item-stub focusable="true" ariarole=""><span>Lao</span></b-dropdown-item-stub>
  <b-dropdown-item-stub focusable="true" ariarole=""><span>Lithuanian</span></b-dropdown-item-stub>
  <b-dropdown-item-stub focusable="true" ariarole=""><span>Luba-Katanga</span></b-dropdown-item-stub>
  <b-dropdown-item-stub focusable="true" ariarole=""><span>Latvian</span></b-dropdown-item-stub>
  <b-dropdown-item-stub focusable="true" ariarole=""><span>Manx</span></b-dropdown-item-stub>
  <b-dropdown-item-stub focusable="true" ariarole=""><span>Malagasy</span></b-dropdown-item-stub>
  <b-dropdown-item-stub focusable="true" ariarole=""><span>Malay</span></b-dropdown-item-stub>
  <b-dropdown-item-stub focusable="true" ariarole=""><span>Malayalam</span></b-dropdown-item-stub>
  <b-dropdown-item-stub focusable="true" ariarole=""><span>Maltese</span></b-dropdown-item-stub>
  <b-dropdown-item-stub focusable="true" ariarole=""><span>Maori</span></b-dropdown-item-stub>
  <b-dropdown-item-stub focusable="true" ariarole=""><span>Marathi</span></b-dropdown-item-stub>
  <b-dropdown-item-stub focusable="true" ariarole=""><span>Marshallese</span></b-dropdown-item-stub>
  <b-dropdown-item-stub focusable="true" ariarole=""><span>Nauru</span></b-dropdown-item-stub>
  <b-dropdown-item-stub focusable="true" ariarole=""><span>Navajo</span></b-dropdown-item-stub>
  <b-dropdown-item-stub focusable="true" ariarole=""><span>North Ndebele</span></b-dropdown-item-stub>
  <b-dropdown-item-stub focusable="true" ariarole=""><span>Nepali</span></b-dropdown-item-stub>
  <b-dropdown-item-stub focusable="true" ariarole=""><span>Ndonga</span></b-dropdown-item-stub>
  <b-dropdown-item-stub focusable="true" ariarole=""><span>Norwegian Nynorsk</span></b-dropdown-item-stub>
  <b-dropdown-item-stub focusable="true" ariarole=""><span>Norwegian</span></b-dropdown-item-stub>
  <b-dropdown-item-stub focusable="true" ariarole=""><span>Sichuan Yi</span></b-dropdown-item-stub>
  <b-dropdown-item-stub focusable="true" ariarole=""><span>South Ndebele</span></b-dropdown-item-stub>
  <b-dropdown-item-stub focusable="true" ariarole=""><span>Occitan</span></b-dropdown-item-stub>
  <b-dropdown-item-stub focusable="true" ariarole=""><span>Ojibwa</span></b-dropdown-item-stub>
  <b-dropdown-item-stub focusable="true" ariarole=""><span>Church Slavic</span></b-dropdown-item-stub>
  <b-dropdown-item-stub focusable="true" ariarole=""><span>Oromo</span></b-dropdown-item-stub>
  <b-dropdown-item-stub focusable="true" ariarole=""><span>Oriya</span></b-dropdown-item-stub>
  <b-dropdown-item-stub focusable="true" ariarole=""><span>Ossetian</span></b-dropdown-item-stub>
  <b-dropdown-item-stub focusable="true" ariarole=""><span>Punjabi</span></b-dropdown-item-stub>
  <b-dropdown-item-stub focusable="true" ariarole=""><span>Pali</span></b-dropdown-item-stub>
  <b-dropdown-item-stub focusable="true" ariarole=""><span>Pashto</span></b-dropdown-item-stub>
  <b-dropdown-item-stub focusable="true" ariarole=""><span>Quechua</span></b-dropdown-item-stub>
  <b-dropdown-item-stub focusable="true" ariarole=""><span>Romansh</span></b-dropdown-item-stub>
  <b-dropdown-item-stub focusable="true" ariarole=""><span>Rundi</span></b-dropdown-item-stub>
  <b-dropdown-item-stub focusable="true" ariarole=""><span>Sanskrit</span></b-dropdown-item-stub>
  <b-dropdown-item-stub focusable="true" ariarole=""><span>Sardinian</span></b-dropdown-item-stub>
  <b-dropdown-item-stub focusable="true" ariarole=""><span>Sindhi</span></b-dropdown-item-stub>
  <b-dropdown-item-stub focusable="true" ariarole=""><span>Northern Sami</span></b-dropdown-item-stub>
  <b-dropdown-item-stub focusable="true" ariarole=""><span>Samoan</span></b-dropdown-item-stub>
  <b-dropdown-item-stub focusable="true" ariarole=""><span>Sango</span></b-dropdown-item-stub>
  <b-dropdown-item-stub focusable="true" ariarole=""><span>Gaelic</span></b-dropdown-item-stub>
  <b-dropdown-item-stub focusable="true" ariarole=""><span>Shona</span></b-dropdown-item-stub>
  <b-dropdown-item-stub focusable="true" ariarole=""><span>Slovak</span></b-dropdown-item-stub>
  <b-dropdown-item-stub focusable="true" ariarole=""><span>Slovenian</span></b-dropdown-item-stub>
  <b-dropdown-item-stub focusable="true" ariarole=""><span>Somali</span></b-dropdown-item-stub>
  <b-dropdown-item-stub focusable="true" ariarole=""><span>Southern Sotho</span></b-dropdown-item-stub>
  <b-dropdown-item-stub focusable="true" ariarole=""><span>Sundanese</span></b-dropdown-item-stub>
  <b-dropdown-item-stub focusable="true" ariarole=""><span>Swati</span></b-dropdown-item-stub>
  <b-dropdown-item-stub focusable="true" ariarole=""><span>Tamil</span></b-dropdown-item-stub>
  <b-dropdown-item-stub focusable="true" ariarole=""><span>Tajik</span></b-dropdown-item-stub>
  <b-dropdown-item-stub focusable="true" ariarole=""><span>Tigrinya</span></b-dropdown-item-stub>
  <b-dropdown-item-stub focusable="true" ariarole=""><span>Tibetan</span></b-dropdown-item-stub>
  <b-dropdown-item-stub focusable="true" ariarole=""><span>Turkmen</span></b-dropdown-item-stub>
  <b-dropdown-item-stub focusable="true" ariarole=""><span>Tagalog</span></b-dropdown-item-stub>
  <b-dropdown-item-stub focusable="true" ariarole=""><span>Tswana</span></b-dropdown-item-stub>
  <b-dropdown-item-stub focusable="true" ariarole=""><span>Tonga</span></b-dropdown-item-stub>
  <b-dropdown-item-stub focusable="true" ariarole=""><span>Twi</span></b-dropdown-item-stub>
  <b-dropdown-item-stub focusable="true" ariarole=""><span>Tahitian</span></b-dropdown-item-stub>
  <b-dropdown-item-stub focusable="true" ariarole=""><span>Uighur</span></b-dropdown-item-stub>
  <b-dropdown-item-stub focusable="true" ariarole=""><span>Venda</span></b-dropdown-item-stub>
  <b-dropdown-item-stub focusable="true" ariarole=""><span>Volap√ºk</span></b-dropdown-item-stub>
  <b-dropdown-item-stub focusable="true" ariarole=""><span>Walloon</span></b-dropdown-item-stub>
  <b-dropdown-item-stub focusable="true" ariarole=""><span>Welsh</span></b-dropdown-item-stub>
  <b-dropdown-item-stub focusable="true" ariarole=""><span>Wolof</span></b-dropdown-item-stub>
  <b-dropdown-item-stub focusable="true" ariarole=""><span>Western Frisian</span></b-dropdown-item-stub>
  <b-dropdown-item-stub focusable="true" ariarole=""><span>Xhosa</span></b-dropdown-item-stub>
  <b-dropdown-item-stub focusable="true" ariarole=""><span>Yiddish</span></b-dropdown-item-stub>
  <b-dropdown-item-stub focusable="true" ariarole=""><span>Yoruba</span></b-dropdown-item-stub>
  <b-dropdown-item-stub focusable="true" ariarole=""><span>Zhuang</span></b-dropdown-item-stub>
  <b-dropdown-item-stub focusable="true" ariarole=""><span>Zulu</span></b-dropdown-item-stub>
</b-dropdown-stub>
`;
