// Jest Snapshot v1, https://goo.gl/fbAQLP

exports[`LanguageList.vue renders correctly 1`] = `
<div class="languages-list">
  <b-field-stub addons="true" class="languages-list__field">
    <b-autocomplete-stub usehtml5validation="true" statusicon="true" value="" data="English,German,Spanish,Portuguese,French,Italian,Dutch,Brazilian Portuguese,Indonesian,Mongolian,Arabic,Bengali,Hindi,Russian,Thai,Vietnamese,Khmer,Swahili,Catalan,Danish,Greek,Persian,Finnish,Irish,Hebrew,Croatian,Hungarian,Japanese,Norwegian Bokmål,Polish,Romanian,Sinhala,Swedish,Telugu,Turkish,Tatar,Urdu,Chinese,Hausa,Georgian,Kazakh,Albanian,Armenian,Azerbaijani,Belarusian,Bosnian,Bulgarian,Czech,Kyrgyz,Macedonian,Serbian,Ukrainian,Uzbek,Abkhazian,Afar,Afrikaans,Akan,Amharic,Aragonese,Assamese,Avaric,Avestan,Aymara,Bambara,Bashkir,Basque,Bihari languages,Bislama,Breton,Burmese,Chamorro,Chechen,Chichewa,Cornish,Chuvash,Corsican,Cree,Divehi,Dzongkha,Esperanto,Estonian,Ewe,Faroese,Fijian,Fulah,Galician,Gujarati,Haitian,Herero,Hiri Motu,Interlingua,Interlingue,Igbo,Inupiaq,Ido,Icelandic,Inuktitut,Javanese,Kalaallisut,Kannada,Kanuri,Kashmiri,Central Khmer,Kikuyu,Kinyarwanda,Komi,Kongo,Korean,Kurdish,Kuanyama,Latin,Luxembourgish,Ganda,Limburgan,Lingala,Lao,Lithuanian,Luba-Katanga,Latvian,Manx,Malagasy,Malay,Malayalam,Maltese,Maori,Marathi,Marshallese,Nauru,Navajo,North Ndebele,Nepali,Ndonga,Norwegian Nynorsk,Norwegian,Sichuan Yi,South Ndebele,Occitan,Ojibwa,Church Slavic,Oromo,Oriya,Ossetian,Punjabi,Pali,Pashto,Quechua,Romansh,Rundi,Sanskrit,Sardinian,Sindhi,Northern Sami,Samoan,Sango,Gaelic,Shona,Slovak,Slovenian,Somali,Southern Sotho,Sundanese,Swati,Tamil,Tajik,Tigrinya,Tibetan,Turkmen,Tagalog,Tswana,Tonga,Twi,Tahitian,Uighur,Venda,Volapük,Walloon,Welsh,Wolof,Western Frisian,Xhosa,Yiddish,Yoruba,Zhuang,Zulu" field="value" keepfirst="true" openonfocus="true" dropdownposition="bottom" confirmkeys="Tab,Enter" placeholder="some specific text"></b-autocomplete-stub>
  </b-field-stub>
</div>
`;
