// Jest Snapshot v1, https://goo.gl/fbAQLP

exports[`EmailInput.vue renders correctly 1`] = `<b-input-stub has-counter="true" placeholder="" type="email" value=""></b-input-stub>`;
