// Jest Snapshot v1, https://goo.gl/fbAQLP

exports[`PasswordInput.vue renders correctly 1`] = `<b-input-stub message="" placeholder="" password-reveal="" type="password" value=""></b-input-stub>`;
