// Jest Snapshot v1, https://goo.gl/fbAQLP

exports[`TextInput.vue renders correctly 1`] = `<b-input-stub placeholder="" type="textarea" value=""></b-input-stub>`;
